Unggas bernama Parjo menetas! :D
Ayam bernama Parjo menetas! :D
Unggas bernama Donal menetas! :D
Bebek bernama Donal menetas! :D
Unggas bernama Joni menetas! :D
Ayam bernama Joni menetas! :D
AyamJago bernama Joni menetas! :D
error
Joni: "Tok petok petok!"
error
error
Ayam bernama Joni mati T.T
Unggas bernama Joni mati T.T
Joni: "Kukuruyuk!!"
Donal: "Kwek kwek!"
Parjo: "Tok petok petok!"
AyamJago bernama Joni mati T.T
Ayam bernama Joni mati T.T
Unggas bernama Joni mati T.T
Bebek bernama Donal mati T.T
Unggas bernama Donal mati T.T
Ayam bernama Parjo mati T.T
Unggas bernama Parjo mati T.T
